// Vitest Snapshot v1, https://vitest.dev/guide/snapshot.html

exports[`Vote > The component UI should not change 1`] = `
{
  "asFragment": [Function],
  "baseElement": <body>
    <div>
      <div
        class="_layout_d6e136"
      >
        <div
          class="_logo_69e643"
        >
          <a
            class="_logoLink_69e643"
            href="https://dizplai.com/home/"
            rel="nofollow"
          >
            <img
              alt="Logo"
              height="60"
              src="https://dizplai.com/wp-content/themes/neverno/library/images/logo.svg"
              width="124"
            />
          </a>
        </div>
        <div
          class="_title_69e643"
        >
           
          Who will win Premier League
        </div>
        <div
          class="_voteBarBackground_3a229c"
        >
          <div
            class="_title_3a229c"
          >
             
            Liverpool
             
          </div>
        </div>
        <div
          class="_voteBarBackground_3a229c"
        >
          <div
            class="_title_3a229c"
          >
             
            Manchester City
             
          </div>
        </div>
        <div
          class="_voteBarBackground_3a229c"
        >
          <div
            class="_title_3a229c"
          >
             
            Arsenal
             
          </div>
        </div>
        <div
          class="_voteBarBackground_3a229c"
        >
          <div
            class="_title_3a229c"
          >
             
            Manchester United
             
          </div>
        </div>
        <div
          class="_voteBarBackground_3a229c"
        >
          <div
            class="_title_3a229c"
          >
             
            West Ham United
             
          </div>
        </div>
        <div
          class="_submitBtn_d6e136"
          disabled=""
        >
          <span
            class="_submitText_d6e136"
          >
            Submit
          </span>
        </div>
      </div>
    </div>
  </body>,
  "container": <div>
    <div
      class="_layout_d6e136"
    >
      <div
        class="_logo_69e643"
      >
        <a
          class="_logoLink_69e643"
          href="https://dizplai.com/home/"
          rel="nofollow"
        >
          <img
            alt="Logo"
            height="60"
            src="https://dizplai.com/wp-content/themes/neverno/library/images/logo.svg"
            width="124"
          />
        </a>
      </div>
      <div
        class="_title_69e643"
      >
         
        Who will win Premier League
      </div>
      <div
        class="_voteBarBackground_3a229c"
      >
        <div
          class="_title_3a229c"
        >
           
          Liverpool
           
        </div>
      </div>
      <div
        class="_voteBarBackground_3a229c"
      >
        <div
          class="_title_3a229c"
        >
           
          Manchester City
           
        </div>
      </div>
      <div
        class="_voteBarBackground_3a229c"
      >
        <div
          class="_title_3a229c"
        >
           
          Arsenal
           
        </div>
      </div>
      <div
        class="_voteBarBackground_3a229c"
      >
        <div
          class="_title_3a229c"
        >
           
          Manchester United
           
        </div>
      </div>
      <div
        class="_voteBarBackground_3a229c"
      >
        <div
          class="_title_3a229c"
        >
           
          West Ham United
           
        </div>
      </div>
      <div
        class="_submitBtn_d6e136"
        disabled=""
      >
        <span
          class="_submitText_d6e136"
        >
          Submit
        </span>
      </div>
    </div>
  </div>,
  "debug": [Function],
  "findAllByAltText": [Function],
  "findAllByDisplayValue": [Function],
  "findAllByLabelText": [Function],
  "findAllByPlaceholderText": [Function],
  "findAllByRole": [Function],
  "findAllByTestId": [Function],
  "findAllByText": [Function],
  "findAllByTitle": [Function],
  "findByAltText": [Function],
  "findByDisplayValue": [Function],
  "findByLabelText": [Function],
  "findByPlaceholderText": [Function],
  "findByRole": [Function],
  "findByTestId": [Function],
  "findByText": [Function],
  "findByTitle": [Function],
  "getAllByAltText": [Function],
  "getAllByDisplayValue": [Function],
  "getAllByLabelText": [Function],
  "getAllByPlaceholderText": [Function],
  "getAllByRole": [Function],
  "getAllByTestId": [Function],
  "getAllByText": [Function],
  "getAllByTitle": [Function],
  "getByAltText": [Function],
  "getByDisplayValue": [Function],
  "getByLabelText": [Function],
  "getByPlaceholderText": [Function],
  "getByRole": [Function],
  "getByTestId": [Function],
  "getByText": [Function],
  "getByTitle": [Function],
  "queryAllByAltText": [Function],
  "queryAllByDisplayValue": [Function],
  "queryAllByLabelText": [Function],
  "queryAllByPlaceholderText": [Function],
  "queryAllByRole": [Function],
  "queryAllByTestId": [Function],
  "queryAllByText": [Function],
  "queryAllByTitle": [Function],
  "queryByAltText": [Function],
  "queryByDisplayValue": [Function],
  "queryByLabelText": [Function],
  "queryByPlaceholderText": [Function],
  "queryByRole": [Function],
  "queryByTestId": [Function],
  "queryByText": [Function],
  "queryByTitle": [Function],
  "rerender": [Function],
  "unmount": [Function],
}
`;
